SENGCHOON EGG 55 G 2.40
GD S/V ENR WHT 600G 1.20
N-FRS SOYAMK ALMD1L 2.05
N-FRS SOYAMK ALMD1L 2.05
FP SPINACH 250G 2.05
FP PF SATAY-BEEF500 1.55
!NORMAL PRICE 6.06
DELMONTE BANANAS-BAG 5.75
!LINK CARD 8301000000168919
!2X 0.32-
NSOY FR S/MILK A 0.65-
!SUBTOTAL 15.34
!TOTAL 15.34
!Card HB discount 0.46
!ROUNDING ADJUSTMENTS 0.03-
!BALANCE DUE 14.85
!VISA 14.85