FAIRPRICE XTRA
TAMPINES MALL
!4 Tampines Central 5
!#B1-12 Singapore 529510
!TEL: 67861953
!REG No: RCS 1.1.191.1
!GST No: M4-0004578-0
SGD
YOPLT L/YOG B/B 125G 1.20
YOPLT L/YOG MNG 125G 1.20
YOPLAIT YOGURT 1 0.45-
SUBTOTAL 1.95
GROUP DISCOUNTABLE 0.00
SUBTOTAL 1.95
TOTAL Includes GST 1.95
CASH 2.00
CHANGE DUE 0.05
ITEMS PURCHASED: 2
TOTAL SAVINGS: 0.45
NO. SALE ITEMS: 2
