FAIRPRICE XTRA
NEX HYPERMART
!23 Serangoon Central #03-42
!Singapore 556083
!TEL: 6634 4947/4948
!REG No: RCS 1.1.191.1
!GST No: M4-004578-0
SGD
SAN.R VEGR SPR375 1.95
NORMAL PRICE 2.50
CHEF CHINA GARLIC 1.80
RED PEPPER 1.30
CHEF LG ONION RED 1.10
BASIL 30G 2.99
TOMATO 1.61
RAD SHRED-MOZZ 250G 4.95
P HERB IT/PARSLY30G 3.99
SUBTOTAL 19.69
TOTAL 19.69